Archive member included to satisfy reference by file (symbol)

c:/st/stm32cubeide_1.10.1/stm32cubeide/plugins/com.st.stm32cube.ide.mcu.externaltools.gnu-tools-for-stm32.10.3-2021.10.win32_1.0.0.202111181127/tools/bin/../lib/gcc/arm-none-eabi/10.3.1/../../../../arm-none-eabi/lib/thumb/v7e-m+fp/hard\libc_nano.a(lib_a-errno.o)
                              ./Core/Src/syscalls.o (__errno)
c:/st/stm32cubeide_1.10.1/stm32cubeide/plugins/com.st.stm32cube.ide.mcu.externaltools.gnu-tools-for-stm32.10.3-2021.10.win32_1.0.0.202111181127/tools/bin/../lib/gcc/arm-none-eabi/10.3.1/../../../../arm-none-eabi/lib/thumb/v7e-m+fp/hard\libc_nano.a(lib_a-exit.o)
                              c:/st/stm32cubeide_1.10.1/stm32cubeide/plugins/com.st.stm32cube.ide.mcu.externaltools.gnu-tools-for-stm32.10.3-2021.10.win32_1.0.0.202111181127/tools/bin/../lib/gcc/arm-none-eabi/10.3.1/../../../../arm-none-eabi/lib/thumb/v7e-m+fp/hard/crt0.o (exit)
c:/st/stm32cubeide_1.10.1/stm32cubeide/plugins/com.st.stm32cube.ide.mcu.externaltools.gnu-tools-for-stm32.10.3-2021.10.win32_1.0.0.202111181127/tools/bin/../lib/gcc/arm-none-eabi/10.3.1/../../../../arm-none-eabi/lib/thumb/v7e-m+fp/hard\libc_nano.a(lib_a-impure.o)
                              c:/st/stm32cubeide_1.10.1/stm32cubeide/plugins/com.st.stm32cube.ide.mcu.externaltools.gnu-tools-for-stm32.10.3-2021.10.win32_1.0.0.202111181127/tools/bin/../lib/gcc/arm-none-eabi/10.3.1/../../../../arm-none-eabi/lib/thumb/v7e-m+fp/hard\libc_nano.a(lib_a-exit.o) (_global_impure_ptr)
c:/st/stm32cubeide_1.10.1/stm32cubeide/plugins/com.st.stm32cube.ide.mcu.externaltools.gnu-tools-for-stm32.10.3-2021.10.win32_1.0.0.202111181127/tools/bin/../lib/gcc/arm-none-eabi/10.3.1/../../../../arm-none-eabi/lib/thumb/v7e-m+fp/hard\libc_nano.a(lib_a-init.o)
                              c:/st/stm32cubeide_1.10.1/stm32cubeide/plugins/com.st.stm32cube.ide.mcu.externaltools.gnu-tools-for-stm32.10.3-2021.10.win32_1.0.0.202111181127/tools/bin/../lib/gcc/arm-none-eabi/10.3.1/../../../../arm-none-eabi/lib/thumb/v7e-m+fp/hard/crt0.o (__libc_init_array)
c:/st/stm32cubeide_1.10.1/stm32cubeide/plugins/com.st.stm32cube.ide.mcu.externaltools.gnu-tools-for-stm32.10.3-2021.10.win32_1.0.0.202111181127/tools/bin/../lib/gcc/arm-none-eabi/10.3.1/../../../../arm-none-eabi/lib/thumb/v7e-m+fp/hard\libc_nano.a(lib_a-malloc.o)
                              ./Core/Src/main.o (malloc)
c:/st/stm32cubeide_1.10.1/stm32cubeide/plugins/com.st.stm32cube.ide.mcu.externaltools.gnu-tools-for-stm32.10.3-2021.10.win32_1.0.0.202111181127/tools/bin/../lib/gcc/arm-none-eabi/10.3.1/../../../../arm-none-eabi/lib/thumb/v7e-m+fp/hard\libc_nano.a(lib_a-memset.o)
                              c:/st/stm32cubeide_1.10.1/stm32cubeide/plugins/com.st.stm32cube.ide.mcu.externaltools.gnu-tools-for-stm32.10.3-2021.10.win32_1.0.0.202111181127/tools/bin/../lib/gcc/arm-none-eabi/10.3.1/../../../../arm-none-eabi/lib/thumb/v7e-m+fp/hard/crt0.o (memset)
c:/st/stm32cubeide_1.10.1/stm32cubeide/plugins/com.st.stm32cube.ide.mcu.externaltools.gnu-tools-for-stm32.10.3-2021.10.win32_1.0.0.202111181127/tools/bin/../lib/gcc/arm-none-eabi/10.3.1/../../../../arm-none-eabi/lib/thumb/v7e-m+fp/hard\libc_nano.a(lib_a-nano-freer.o)
                              c:/st/stm32cubeide_1.10.1/stm32cubeide/plugins/com.st.stm32cube.ide.mcu.externaltools.gnu-tools-for-stm32.10.3-2021.10.win32_1.0.0.202111181127/tools/bin/../lib/gcc/arm-none-eabi/10.3.1/../../../../arm-none-eabi/lib/thumb/v7e-m+fp/hard\libc_nano.a(lib_a-malloc.o) (_free_r)
c:/st/stm32cubeide_1.10.1/stm32cubeide/plugins/com.st.stm32cube.ide.mcu.externaltools.gnu-tools-for-stm32.10.3-2021.10.win32_1.0.0.202111181127/tools/bin/../lib/gcc/arm-none-eabi/10.3.1/../../../../arm-none-eabi/lib/thumb/v7e-m+fp/hard\libc_nano.a(lib_a-nano-mallocr.o)
                              c:/st/stm32cubeide_1.10.1/stm32cubeide/plugins/com.st.stm32cube.ide.mcu.externaltools.gnu-tools-for-stm32.10.3-2021.10.win32_1.0.0.202111181127/tools/bin/../lib/gcc/arm-none-eabi/10.3.1/../../../../arm-none-eabi/lib/thumb/v7e-m+fp/hard\libc_nano.a(lib_a-malloc.o) (_malloc_r)
c:/st/stm32cubeide_1.10.1/stm32cubeide/plugins/com.st.stm32cube.ide.mcu.externaltools.gnu-tools-for-stm32.10.3-2021.10.win32_1.0.0.202111181127/tools/bin/../lib/gcc/arm-none-eabi/10.3.1/../../../../arm-none-eabi/lib/thumb/v7e-m+fp/hard\libc_nano.a(lib_a-sbrkr.o)
                              c:/st/stm32cubeide_1.10.1/stm32cubeide/plugins/com.st.stm32cube.ide.mcu.externaltools.gnu-tools-for-stm32.10.3-2021.10.win32_1.0.0.202111181127/tools/bin/../lib/gcc/arm-none-eabi/10.3.1/../../../../arm-none-eabi/lib/thumb/v7e-m+fp/hard\libc_nano.a(lib_a-nano-mallocr.o) (_sbrk_r)
c:/st/stm32cubeide_1.10.1/stm32cubeide/plugins/com.st.stm32cube.ide.mcu.externaltools.gnu-tools-for-stm32.10.3-2021.10.win32_1.0.0.202111181127/tools/bin/../lib/gcc/arm-none-eabi/10.3.1/../../../../arm-none-eabi/lib/thumb/v7e-m+fp/hard\libc_nano.a(lib_a-strlen.o)
                              ./Core/Src/main.o (strlen)
[...]
Memory Configuration

Name             Origin             Length             Attributes
RAM              0x0000000020000000 0x0000000000010000 xrw
RAM2             0x0000000010000000 0x0000000000004000 xrw
FLASH            0x0000000008000000 0x0000000000040000 xr
*default*        0x0000000000000000 0xffffffffffffffff

Linker script and memory map

LOAD c:/st/stm32cubeide_1.10.1/stm32cubeide/plugins/com.st.stm32cube.ide.mcu.externaltools.gnu-tools-for-stm32.10.3-2021.10.win32_1.0.0.202111181127/tools/bin/../lib/gcc/arm-none-eabi/10.3.1/thumb/v7e-m+fp/hard/crti.o
LOAD c:/st/stm32cubeide_1.10.1/stm32cubeide/plugins/com.st.stm32cube.ide.mcu.externaltools.gnu-tools-for-stm32.10.3-2021.10.win32_1.0.0.202111181127/tools/bin/../lib/gcc/arm-none-eabi/10.3.1/thumb/v7e-m+fp/hard/crtbegin.o
LOAD c:/st/stm32cubeide_1.10.1/stm32cubeide/plugins/com.st.stm32cube.ide.mcu.externaltools.gnu-tools-for-stm32.10.3-2021.10.win32_1.0.0.202111181127/tools/bin/../lib/gcc/arm-none-eabi/10.3.1/../../../../arm-none-eabi/lib/thumb/v7e-m+fp/hard/crt0.o
LOAD ./Core/Src/main.o
LOAD ./Core/Src/stm32l4xx_hal_msp.o
LOAD ./Core/Src/stm32l4xx_it.o
LOAD ./Core/Src/syscalls.o
LOAD ./Core/Src/sysmem.o
LOAD ./Core/Src/system_stm32l4xx.o
LOAD ./Core/Startup/startup_stm32l432kcux.o
LOAD ./Drivers/STM32L4xx_HAL_Driver/Src/stm32l4xx_hal.o
LOAD ./Drivers/STM32L4xx_HAL_Driver/Src/stm32l4xx_hal_cortex.o
LOAD ./Drivers/STM32L4xx_HAL_Driver/Src/stm32l4xx_hal_dma.o
LOAD ./Drivers/STM32L4xx_HAL_Driver/Src/stm32l4xx_hal_dma_ex.o
LOAD ./Drivers/STM32L4xx_HAL_Driver/Src/stm32l4xx_hal_exti.o
LOAD ./Drivers/STM32L4xx_HAL_Driver/Src/stm32l4xx_hal_flash.o
LOAD ./Drivers/STM32L4xx_HAL_Driver/Src/stm32l4xx_hal_flash_ex.o
LOAD ./Drivers/STM32L4xx_HAL_Driver/Src/stm32l4xx_hal_flash_ramfunc.o
LOAD ./Drivers/STM32L4xx_HAL_Driver/Src/stm32l4xx_hal_gpio.o
LOAD ./Drivers/STM32L4xx_HAL_Driver/Src/stm32l4xx_hal_i2c.o
LOAD ./Drivers/STM32L4xx_HAL_Driver/Src/stm32l4xx_hal_i2c_ex.o
LOAD ./Drivers/STM32L4xx_HAL_Driver/Src/stm32l4xx_hal_pwr.o
LOAD ./Drivers/STM32L4xx_HAL_Driver/Src/stm32l4xx_hal_pwr_ex.o
LOAD ./Drivers/STM32L4xx_HAL_Driver/Src/stm32l4xx_hal_rcc.o
LOAD ./Drivers/STM32L4xx_HAL_Driver/Src/stm32l4xx_hal_rcc_ex.o
LOAD ./Drivers/STM32L4xx_HAL_Driver/Src/stm32l4xx_hal_rng.o
LOAD ./Drivers/STM32L4xx_HAL_Driver/Src/stm32l4xx_hal_rtc.o
LOAD ./Drivers/STM32L4xx_HAL_Driver/Src/stm32l4xx_hal_rtc_ex.o
LOAD ./Drivers/STM32L4xx_HAL_Driver/Src/stm32l4xx_hal_tim.o
LOAD ./Drivers/STM32L4xx_HAL_Driver/Src/stm32l4xx_hal_tim_ex.o
START GROUP
LOAD c:/st/stm32cubeide_1.10.1/stm32cubeide/plugins/com.st.stm32cube.ide.mcu.externaltools.gnu-tools-for-stm32.10.3-2021.10.win32_1.0.0.202111181127/tools/bin/../lib/gcc/arm-none-eabi/10.3.1/../../../../arm-none-eabi/lib/thumb/v7e-m+fp/hard\libc_nano.a
LOAD c:/st/stm32cubeide_1.10.1/stm32cubeide/plugins/com.st.stm32cube.ide.mcu.externaltools.gnu-tools-for-stm32.10.3-2021.10.win32_1.0.0.202111181127/tools/bin/../lib/gcc/arm-none-eabi/10.3.1/../../../../arm-none-eabi/lib/thumb/v7e-m+fp/hard\libm.a
END GROUP
START GROUP
LOAD c:/st/stm32cubeide_1.10.1/stm32cubeide/plugins/com.st.stm32cube.ide.mcu.externaltools.gnu-tools-for-stm32.10.3-2021.10.win32_1.0.0.202111181127/tools/bin/../lib/gcc/arm-none-eabi/10.3.1/thumb/v7e-m+fp/hard\libgcc.a
LOAD c:/st/stm32cubeide_1.10.1/stm32cubeide/plugins/com.st.stm32cube.ide.mcu.externaltools.gnu-tools-for-stm32.10.3-2021.10.win32_1.0.0.202111181127/tools/bin/../lib/gcc/arm-none-eabi/10.3.1/../../../../arm-none-eabi/lib/thumb/v7e-m+fp/hard\libc_nano.a
END GROUP
START GROUP
LOAD c:/st/stm32cubeide_1.10.1/stm32cubeide/plugins/com.st.stm32cube.ide.mcu.externaltools.gnu-tools-for-stm32.10.3-2021.10.win32_1.0.0.202111181127/tools/bin/../lib/gcc/arm-none-eabi/10.3.1/thumb/v7e-m+fp/hard\libgcc.a
LOAD c:/st/stm32cubeide_1.10.1/stm32cubeide/plugins/com.st.stm32cube.ide.mcu.externaltools.gnu-tools-for-stm32.10.3-2021.10.win32_1.0.0.202111181127/tools/bin/../lib/gcc/arm-none-eabi/10.3.1/../../../../arm-none-eabi/lib/thumb/v7e-m+fp/hard\libc_nano.a
LOAD c:/st/stm32cubeide_1.10.1/stm32cubeide/plugins/com.st.stm32cube.ide.mcu.externaltools.gnu-tools-for-stm32.10.3-2021.10.win32_1.0.0.202111181127/tools/bin/../lib/gcc/arm-none-eabi/10.3.1/../../../../arm-none-eabi/lib/thumb/v7e-m+fp/hard\libnosys.a
END GROUP
START GROUP
LOAD c:/st/stm32cubeide_1.10.1/stm32cubeide/plugins/com.st.stm32cube.ide.mcu.externaltools.gnu-tools-for-stm32.10.3-2021.10.win32_1.0.0.202111181127/tools/bin/../lib/gcc/arm-none-eabi/10.3.1/thumb/v7e-m+fp/hard\libgcc.a
LOAD c:/st/stm32cubeide_1.10.1/stm32cubeide/plugins/com.st.stm32cube.ide.mcu.externaltools.gnu-tools-for-stm32.10.3-2021.10.win32_1.0.0.202111181127/tools/bin/../lib/gcc/arm-none-eabi/10.3.1/../../../../arm-none-eabi/lib/thumb/v7e-m+fp/hard\libc_nano.a
LOAD c:/st/stm32cubeide_1.10.1/stm32cubeide/plugins/com.st.stm32cube.ide.mcu.externaltools.gnu-tools-for-stm32.10.3-2021.10.win32_1.0.0.202111181127/tools/bin/../lib/gcc/arm-none-eabi/10.3.1/../../../../arm-none-eabi/lib/thumb/v7e-m+fp/hard\libnosys.a
END GROUP
LOAD c:/st/stm32cubeide_1.10.1/stm32cubeide/plugins/com.st.stm32cube.ide.mcu.externaltools.gnu-tools-for-stm32.10.3-2021.10.win32_1.0.0.202111181127/tools/bin/../lib/gcc/arm-none-eabi/10.3.1/thumb/v7e-m+fp/hard/crtend.o
LOAD c:/st/stm32cubeide_1.10.1/stm32cubeide/plugins/com.st.stm32cube.ide.mcu.externaltools.gnu-tools-for-stm32.10.3-2021.10.win32_1.0.0.202111181127/tools/bin/../lib/gcc/arm-none-eabi/10.3.1/thumb/v7e-m+fp/hard/crtn.o
                0x0000000020010000                _estack = (ORIGIN (RAM) + LENGTH (RAM))
                0x0000000000000200                _Min_Heap_Size = 0x200
                0x0000000000000400                _Min_Stack_Size = 0x400

.isr_vector     0x0000000008000000      0x18c
                0x0000000008000000                . = ALIGN (0x4)
 *(.isr_vector)
 .isr_vector    0x0000000008000000      0x18c ./Core/Startup/startup_stm32l432kcux.o
                0x0000000008000000                g_pfnVectors
                0x000000000800018c                . = ALIGN (0x4)

.text           0x000000000800018c     0x2d6c
                0x000000000800018c                . = ALIGN (0x4)
 *(.text)
 .text          0x000000000800018c       0x40 c:/st/stm32cubeide_1.10.1/stm32cubeide/plugins/com.st.stm32cube.ide.mcu.externaltools.gnu-tools-for-stm32.10.3-2021.10.win32_1.0.0.202111181127/tools/bin/../lib/gcc/arm-none-eabi/10.3.1/thumb/v7e-m+fp/hard/crtbegin.o
 .text          0x00000000080001cc       0x10 c:/st/stm32cubeide_1.10.1/stm32cubeide/plugins/com.st.stm32cube.ide.mcu.externaltools.gnu-tools-for-stm32.10.3-2021.10.win32_1.0.0.202111181127/tools/bin/../lib/gcc/arm-none-eabi/10.3.1/../../../../arm-none-eabi/lib/thumb/v7e-m+fp/hard\libc_nano.a(lib_a-strlen.o)
                0x00000000080001cc                strlen
 *(.text*)
 .text.Write_Data
                0x00000000080001dc       0xc0 ./Core/Src/main.o
                0x00000000080001dc                Write_Data
 .text.Read_Data
                0x000000000800029c       0x48 ./Core/Src/main.o
                0x000000000800029c                Read_Data
 .text.Convert_Str
                0x00000000080002e4       0x78 ./Core/Src/main.o
                0x00000000080002e4                Convert_Str
 .text.slice    0x000000000800035c       0xa8 ./Core/Src/main.o
                0x000000000800035c                slice
 .text.main     0x0000000008000404       0x78 ./Core/Src/main.o
                0x0000000008000404                main
 .text.SystemClock_Config
                0x000000000800047c       0xc0 ./Core/Src/main.o
                0x000000000800047c                SystemClock_Config
 .text.MX_RNG_Init
                0x000000000800053c       0x28 ./Core/Src/main.o
 .text.MX_RTC_Init
                0x0000000008000564       0xb8 ./Core/Src/main.o
 .text.MX_GPIO_Init
                0x000000000800061c       0x98 ./Core/Src/main.o
 .text.Error_Handler
                0x00000000080006b4        0xa ./Core/Src/main.o
                0x00000000080006b4                Error_Handler
 *fill*         0x00000000080006be        0x2 
 .text.HAL_MspInit
                0x00000000080006c0       0x48 ./Core/Src/stm32l4xx_hal_msp.o
                0x00000000080006c0                HAL_MspInit
 .text.HAL_RNG_MspInit
                0x0000000008000708       0x88 ./Core/Src/stm32l4xx_hal_msp.o
                0x0000000008000708                HAL_RNG_MspInit
 .text.HAL_RTC_MspInit
                0x0000000008000790       0x70 ./Core/Src/stm32l4xx_hal_msp.o
                0x0000000008000790                HAL_RTC_MspInit
 .text.NMI_Handler
                0x0000000008000800        0x6 ./Core/Src/stm32l4xx_it.o
                0x0000000008000800                NMI_Handler
 .text.HardFault_Handler
                0x0000000008000806        0x6 ./Core/Src/stm32l4xx_it.o
                0x0000000008000806                HardFault_Handler
 .text.MemManage_Handler
                0x000000000800080c        0x6 ./Core/Src/stm32l4xx_it.o
                0x000000000800080c                MemManage_Handler
 .text.BusFault_Handler
                0x0000000008000812        0x6 ./Core/Src/stm32l4xx_it.o
                0x0000000008000812                BusFault_Handler
 .text.UsageFault_Handler
                0x0000000008000818        0x6 ./Core/Src/stm32l4xx_it.o
                0x0000000008000818                UsageFault_Handler
 .text.SVC_Handler
                0x000000000800081e        0xe ./Core/Src/stm32l4xx_it.o
                0x000000000800081e                SVC_Handler
 .text.DebugMon_Handler
                0x000000000800082c        0xe ./Core/Src/stm32l4xx_it.o
                0x000000000800082c                DebugMon_Handler
 .text.PendSV_Handler
                0x000000000800083a        0xe ./Core/Src/stm32l4xx_it.o
                0x000000000800083a                PendSV_Handler
 .text.SysTick_Handler
                0x0000000008000848        0xc ./Core/Src/stm32l4xx_it.o
                0x0000000008000848                SysTick_Handler
 .text.RTC_WKUP_IRQHandler
                0x0000000008000854       0x14 ./Core/Src/stm32l4xx_it.o
                0x0000000008000854                RTC_WKUP_IRQHandler
 .text._sbrk    0x0000000008000868       0x6c ./Core/Src/sysmem.o
                0x0000000008000868                _sbrk
 .text.SystemInit
                0x00000000080008d4       0x24 ./Core/Src/system_stm32l4xx.o
                0x00000000080008d4                SystemInit
 .text.Reset_Handler
                0x00000000080008f8       0x50 ./Core/Startup/startup_stm32l432kcux.o
                0x00000000080008f8                Reset_Handler
 .text.Default_Handler
                0x0000000008000948        0x2 ./Core/Startup/startup_stm32l432kcux.o
                0x0000000008000948                RTC_Alarm_IRQHandler
                0x0000000008000948                EXTI2_IRQHandler
                0x0000000008000948                TIM1_CC_IRQHandler
                0x0000000008000948                TSC_IRQHandler
                0x0000000008000948                TAMP_STAMP_IRQHandler
                0x0000000008000948                EXTI3_IRQHandler
                0x0000000008000948                LPTIM2_IRQHandler
                0x0000000008000948                I2C3_ER_IRQHandler
                0x0000000008000948                EXTI0_IRQHandler
                0x0000000008000948                CAN1_RX0_IRQHandler
                0x0000000008000948                FPU_IRQHandler
                0x0000000008000948                TIM1_UP_TIM16_IRQHandler
                0x0000000008000948                SPI1_IRQHandler
                0x0000000008000948                TIM6_DAC_IRQHandler
                0x0000000008000948                DMA2_Channel2_IRQHandler
                0x0000000008000948                DMA1_Channel4_IRQHandler
                0x0000000008000948                ADC1_IRQHandler
                0x0000000008000948                DMA1_Channel7_IRQHandler
                0x0000000008000948                CAN1_RX1_IRQHandler
                0x0000000008000948                DMA2_Channel1_IRQHandler
                0x0000000008000948                QUADSPI_IRQHandler
                0x0000000008000948                I2C1_EV_IRQHandler
                0x0000000008000948                DMA1_Channel6_IRQHandler
                0x0000000008000948                DMA2_Channel4_IRQHandler
                0x0000000008000948                RCC_IRQHandler
                0x0000000008000948                TIM1_TRG_COM_IRQHandler
                0x0000000008000948                DMA1_Channel1_IRQHandler
                0x0000000008000948                Default_Handler
                0x0000000008000948                DMA2_Channel7_IRQHandler
                0x0000000008000948                EXTI15_10_IRQHandler
                0x0000000008000948                TIM7_IRQHandler
                0x0000000008000948                I2C3_EV_IRQHandler
                0x0000000008000948                USB_IRQHandler
                0x0000000008000948                EXTI9_5_IRQHandler
                0x0000000008000948                PVD_PVM_IRQHandler
                0x0000000008000948                CAN1_TX_IRQHandler
                0x0000000008000948                DMA2_Channel5_IRQHandler
                0x0000000008000948                CRS_IRQHandler
                0x0000000008000948                DMA1_Channel5_IRQHandler
                0x0000000008000948                EXTI4_IRQHandler
                0x0000000008000948                RNG_IRQHandler
                0x0000000008000948                DMA1_Channel3_IRQHandler
                0x0000000008000948                COMP_IRQHandler
                0x0000000008000948                WWDG_IRQHandler
                0x0000000008000948                LPUART1_IRQHandler
                0x0000000008000948                DMA2_Channel6_IRQHandler
                0x0000000008000948                TIM2_IRQHandler
                0x0000000008000948                EXTI1_IRQHandler
                0x0000000008000948                USART2_IRQHandler
                0x0000000008000948                DMA1_Channel2_IRQHandler
                0x0000000008000948                CAN1_SCE_IRQHandler
                0x0000000008000948                FLASH_IRQHandler
                0x0000000008000948                USART1_IRQHandler
                0x0000000008000948                SPI3_IRQHandler
                0x0000000008000948                I2C1_ER_IRQHandler
                0x0000000008000948                SWPMI1_IRQHandler
                0x0000000008000948                LPTIM1_IRQHandler
                0x0000000008000948                SAI1_IRQHandler
                0x0000000008000948                DMA2_Channel3_IRQHandler
                0x0000000008000948                TIM1_BRK_TIM15_IRQHandler
 .text.HAL_Init
                0x000000000800094a       0x30 ./Drivers/STM32L4xx_HAL_Driver/Src/stm32l4xx_hal.o
                0x000000000800094a                HAL_Init
 *fill*         0x000000000800097a        0x2 
 .text.HAL_InitTick
                0x000000000800097c       0x78 ./Drivers/STM32L4xx_HAL_Driver/Src/stm32l4xx_hal.o
                0x000000000800097c                HAL_InitTick
 .text.HAL_IncTick
                0x00000000080009f4       0x28 ./Drivers/STM32L4xx_HAL_Driver/Src/stm32l4xx_hal.o
                0x00000000080009f4                HAL_IncTick
 .text.HAL_GetTick
                0x0000000008000a1c       0x18 ./Drivers/STM32L4xx_HAL_Driver/Src/stm32l4xx_hal.o
                0x0000000008000a1c                HAL_GetTick
 .text.HAL_Delay
                0x0000000008000a34       0x48 ./Drivers/STM32L4xx_HAL_Driver/Src/stm32l4xx_hal.o
                0x0000000008000a34                HAL_Delay
 .text.__NVIC_SetPriorityGrouping
                0x0000000008000a7c       0x48 ./Drivers/STM32L4xx_HAL_Driver/Src/stm32l4xx_hal_cortex.o
 .text.__NVIC_GetPriorityGrouping
                0x0000000008000ac4       0x1c ./Drivers/STM32L4xx_HAL_Driver/Src/stm32l4xx_hal_cortex.o
 .text.__NVIC_EnableIRQ
                0x0000000008000ae0       0x3c ./Drivers/STM32L4xx_HAL_Driver/Src/stm32l4xx_hal_cortex.o
 .text.__NVIC_SetPriority
                0x0000000008000b1c       0x54 ./Drivers/STM32L4xx_HAL_Driver/Src/stm32l4xx_hal_cortex.o
 .text.NVIC_EncodePriority
                0x0000000008000b70       0x66 ./Drivers/STM32L4xx_HAL_Driver/Src/stm32l4xx_hal_cortex.o
 *fill*         0x0000000008000bd6        0x2 
 .text.SysTick_Config
                0x0000000008000bd8       0x44 ./Drivers/STM32L4xx_HAL_Driver/Src/stm32l4xx_hal_cortex.o
 .text.HAL_NVIC_SetPriorityGrouping
                0x0000000008000c1c       0x16 ./Drivers/STM32L4xx_HAL_Driver/Src/stm32l4xx_hal_cortex.o
                0x0000000008000c1c                HAL_NVIC_SetPriorityGrouping
 .text.HAL_NVIC_SetPriority
                0x0000000008000c32       0x38 ./Drivers/STM32L4xx_HAL_Driver/Src/stm32l4xx_hal_cortex.o
                0x0000000008000c32                HAL_NVIC_SetPriority
 .text.HAL_NVIC_EnableIRQ
                0x0000000008000c6a       0x1c ./Drivers/STM32L4xx_HAL_Driver/Src/stm32l4xx_hal_cortex.o
                0x0000000008000c6a                HAL_NVIC_EnableIRQ
 .text.HAL_SYSTICK_Config
                0x0000000008000c86       0x18 ./Drivers/STM32L4xx_HAL_Driver/Src/stm32l4xx_hal_cortex.o
                0x0000000008000c86                HAL_SYSTICK_Config
 *fill*         0x0000000008000c9e        0x2 
 .text.HAL_FLASH_Program
                0x0000000008000ca0       0xd8 ./Drivers/STM32L4xx_HAL_Driver/Src/stm32l4xx_hal_flash.o
                0x0000000008000ca0                HAL_FLASH_Program
 .text.HAL_FLASH_Unlock
                0x0000000008000d78       0x44 ./Drivers/STM32L4xx_HAL_Driver/Src/stm32l4xx_hal_flash.o
                0x0000000008000d78                HAL_FLASH_Unlock
 .text.HAL_FLASH_Lock
                0x0000000008000dbc       0x20 ./Drivers/STM32L4xx_HAL_Driver/Src/stm32l4xx_hal_flash.o
                0x0000000008000dbc                HAL_FLASH_Lock
 .text.FLASH_WaitForLastOperation
                0x0000000008000ddc       0xb0 ./Drivers/STM32L4xx_HAL_Driver/Src/stm32l4xx_hal_flash.o
                0x0000000008000ddc                FLASH_WaitForLastOperation
 .text.FLASH_Program_DoubleWord
                0x0000000008000e8c       0x4c ./Drivers/STM32L4xx_HAL_Driver/Src/stm32l4xx_hal_flash.o
 .text.FLASH_Program_Fast
                0x0000000008000ed8       0x6c ./Drivers/STM32L4xx_HAL_Driver/Src/stm32l4xx_hal_flash.o
 .text.HAL_FLASHEx_Erase
                0x0000000008000f44      0x134 ./Drivers/STM32L4xx_HAL_Driver/Src/stm32l4xx_hal_flash_ex.o
                0x0000000008000f44                HAL_FLASHEx_Erase
 .text.FLASH_MassErase
                0x0000000008001078       0x3c ./Drivers/STM32L4xx_HAL_Driver/Src/stm32l4xx_hal_flash_ex.o
 .text.FLASH_PageErase
                0x00000000080010b4       0x48 ./Drivers/STM32L4xx_HAL_Driver/Src/stm32l4xx_hal_flash_ex.o
                0x00000000080010b4                FLASH_PageErase
 .text.FLASH_FlushCaches
                0x00000000080010fc       0x94 ./Drivers/STM32L4xx_HAL_Driver/Src/stm32l4xx_hal_flash_ex.o
                0x00000000080010fc                FLASH_FlushCaches
 .text.HAL_GPIO_Init
                0x0000000008001190      0x2d4 ./Drivers/STM32L4xx_HAL_Driver/Src/stm32l4xx_hal_gpio.o
                0x0000000008001190                HAL_GPIO_Init
 .text.HAL_GPIO_WritePin
                0x0000000008001464       0x30 ./Drivers/STM32L4xx_HAL_Driver/Src/stm32l4xx_hal_gpio.o
                0x0000000008001464                HAL_GPIO_WritePin
 .text.HAL_PWR_EnableBkUpAccess
                0x0000000008001494       0x20 ./Drivers/STM32L4xx_HAL_Driver/Src/stm32l4xx_hal_pwr.o
                0x0000000008001494                HAL_PWR_EnableBkUpAccess
 .text.HAL_PWREx_GetVoltageRange
                0x00000000080014b4       0x1c ./Drivers/STM32L4xx_HAL_Driver/Src/stm32l4xx_hal_pwr_ex.o
                0x00000000080014b4                HAL_PWREx_GetVoltageRange
 .text.HAL_PWREx_ControlVoltageScaling
                0x00000000080014d0       0xac ./Drivers/STM32L4xx_HAL_Driver/Src/stm32l4xx_hal_pwr_ex.o
                0x00000000080014d0                HAL_PWREx_ControlVoltageScaling
 .text.HAL_RCC_OscConfig
                0x000000000800157c      0x828 ./Drivers/STM32L4xx_HAL_Driver/Src/stm32l4xx_hal_rcc.o
                0x000000000800157c                HAL_RCC_OscConfig
 .text.HAL_RCC_ClockConfig
                0x0000000008001da4      0x200 ./Drivers/STM32L4xx_HAL_Driver/Src/stm32l4xx_hal_rcc.o
                0x0000000008001da4                HAL_RCC_ClockConfig
 .text.HAL_RCC_GetSysClockFreq
                0x0000000008001fa4      0x118 ./Drivers/STM32L4xx_HAL_Driver/Src/stm32l4xx_hal_rcc.o
                0x0000000008001fa4                HAL_RCC_GetSysClockFreq
 .text.RCC_SetFlashLatencyFromMSIRange
                0x00000000080020bc       0xc0 ./Drivers/STM32L4xx_HAL_Driver/Src/stm32l4xx_hal_rcc.o
 .text.HAL_RCCEx_PeriphCLKConfig
                0x000000000800217c      0x3ec ./Drivers/STM32L4xx_HAL_Driver/Src/stm32l4xx_hal_rcc_ex.o
                0x000000000800217c                HAL_RCCEx_PeriphCLKConfig
 .text.RCCEx_PLLSAI1_Config
                0x0000000008002568      0x1e4 ./Drivers/STM32L4xx_HAL_Driver/Src/stm32l4xx_hal_rcc_ex.o
 .text.HAL_RNG_Init
                0x000000000800274c       0xae ./Drivers/STM32L4xx_HAL_Driver/Src/stm32l4xx_hal_rng.o
                0x000000000800274c                HAL_RNG_Init
 .text.HAL_RTC_Init
                0x00000000080027fa       0xf6 ./Drivers/STM32L4xx_HAL_Driver/Src/stm32l4xx_hal_rtc.o
                0x00000000080027fa                HAL_RTC_Init
 .text.HAL_RTC_SetTime
                0x00000000080028f0      0x13a ./Drivers/STM32L4xx_HAL_Driver/Src/stm32l4xx_hal_rtc.o
                0x00000000080028f0                HAL_RTC_SetTime
 .text.HAL_RTC_SetDate
                0x0000000008002a2a      0x10e ./Drivers/STM32L4xx_HAL_Driver/Src/stm32l4xx_hal_rtc.o
                0x0000000008002a2a                HAL_RTC_SetDate
 .text.HAL_RTC_WaitForSynchro
                0x0000000008002b38       0x4c ./Drivers/STM32L4xx_HAL_Driver/Src/stm32l4xx_hal_rtc.o
                0x0000000008002b38                HAL_RTC_WaitForSynchro
 .text.RTC_EnterInitMode
                0x0000000008002b84       0x66 ./Drivers/STM32L4xx_HAL_Driver/Src/stm32l4xx_hal_rtc.o
                0x0000000008002b84                RTC_EnterInitMode
 *fill*         0x0000000008002bea        0x2 
 .text.RTC_ExitInitMode
                0x0000000008002bec       0x7c ./Drivers/STM32L4xx_HAL_Driver/Src/stm32l4xx_hal_rtc.o
                0x0000000008002bec                RTC_ExitInitMode
 .text.RTC_ByteToBcd2
                0x0000000008002c68       0x40 ./Drivers/STM32L4xx_HAL_Driver/Src/stm32l4xx_hal_rtc.o
                0x0000000008002c68                RTC_ByteToBcd2
 .text.HAL_RTCEx_WakeUpTimerIRQHandler
                0x0000000008002ca8       0x4c ./Drivers/STM32L4xx_HAL_Driver/Src/stm32l4xx_hal_rtc_ex.o
                0x0000000008002ca8                HAL_RTCEx_WakeUpTimerIRQHandler
 .text.HAL_RTCEx_WakeUpTimerEventCallback
                0x0000000008002cf4       0x14 ./Drivers/STM32L4xx_HAL_Driver/Src/stm32l4xx_hal_rtc_ex.o
                0x0000000008002cf4                HAL_RTCEx_WakeUpTimerEventCallback
 .text.__errno  0x0000000008002d08        0xc c:/st/stm32cubeide_1.10.1/stm32cubeide/plugins/com.st.stm32cube.ide.mcu.externaltools.gnu-tools-for-stm32.10.3-2021.10.win32_1.0.0.202111181127/tools/bin/../lib/gcc/arm-none-eabi/10.3.1/../../../../arm-none-eabi/lib/thumb/v7e-m+fp/hard\libc_nano.a(lib_a-errno.o)
                0x0000000008002d08                __errno
 .text.__libc_init_array
                0x0000000008002d14       0x48 c:/st/stm32cubeide_1.10.1/stm32cubeide/plugins/com.st.stm32cube.ide.mcu.externaltools.gnu-tools-for-stm32.10.3-2021.10.win32_1.0.0.202111181127/tools/bin/../lib/gcc/arm-none-eabi/10.3.1/../../../../arm-none-eabi/lib/thumb/v7e-m+fp/hard\libc_nano.a(lib_a-init.o)
                0x0000000008002d14                __libc_init_array
 .text.malloc   0x0000000008002d5c       0x10 c:/st/stm32cubeide_1.10.1/stm32cubeide/plugins/com.st.stm32cube.ide.mcu.externaltools.gnu-tools-for-stm32.10.3-2021.10.win32_1.0.0.202111181127/tools/bin/../lib/gcc/arm-none-eabi/10.3.1/../../../../arm-none-eabi/lib/thumb/v7e-m+fp/hard\libc_nano.a(lib_a-malloc.o)
                0x0000000008002d5c                malloc
 .text.memset   0x0000000008002d6c       0x10 c:/st/stm32cubeide_1.10.1/stm32cubeide/plugins/com.st.stm32cube.ide.mcu.externaltools.gnu-tools-for-stm32.10.3-2021.10.win32_1.0.0.202111181127/tools/bin/../lib/gcc/arm-none-eabi/10.3.1/../../../../arm-none-eabi/lib/thumb/v7e-m+fp/hard\libc_nano.a(lib_a-memset.o)
                0x0000000008002d6c                memset
 .text.sbrk_aligned
                0x0000000008002d7c       0x40 c:/st/stm32cubeide_1.10.1/stm32cubeide/plugins/com.st.stm32cube.ide.mcu.externaltools.gnu-tools-for-stm32.10.3-2021.10.win32_1.0.0.202111181127/tools/bin/../lib/gcc/arm-none-eabi/10.3.1/../../../../arm-none-eabi/lib/thumb/v7e-m+fp/hard\libc_nano.a(lib_a-nano-mallocr.o)
 .text._malloc_r
                0x0000000008002dbc       0xe8 c:/st/stm32cubeide_1.10.1/stm32cubeide/plugins/com.st.stm32cube.ide.mcu.externaltools.gnu-tools-for-stm32.10.3-2021.10.win32_1.0.0.202111181127/tools/bin/../lib/gcc/arm-none-eabi/10.3.1/../../../../arm-none-eabi/lib/thumb/v7e-m+fp/hard\libc_nano.a(lib_a-nano-mallocr.o)
                0x0000000008002dbc                _malloc_r
 .text._sbrk_r  0x0000000008002ea4       0x20 c:/st/stm32cubeide_1.10.1/stm32cubeide/plugins/com.st.stm32cube.ide.mcu.externaltools.gnu-tools-for-stm32.10.3-2021.10.win32_1.0.0.202111181127/tools/bin/../lib/gcc/arm-none-eabi/10.3.1/../../../../arm-none-eabi/lib/thumb/v7e-m+fp/hard\libc_nano.a(lib_a-sbrkr.o)
                0x0000000008002ea4                _sbrk_r
 .text.__malloc_lock
                0x0000000008002ec4        0xc c:/st/stm32cubeide_1.10.1/stm32cubeide/plugins/com.st.stm32cube.ide.mcu.externaltools.gnu-tools-for-stm32.10.3-2021.10.win32_1.0.0.202111181127/tools/bin/../lib/gcc/arm-none-eabi/10.3.1/../../../../arm-none-eabi/lib/thumb/v7e-m+fp/hard\libc_nano.a(lib_a-mlock.o)
                0x0000000008002ec4                __malloc_lock
 .text.__malloc_unlock
                0x0000000008002ed0        0xc c:/st/stm32cubeide_1.10.1/stm32cubeide/plugins/com.st.stm32cube.ide.mcu.externaltools.gnu-tools-for-stm32.10.3-2021.10.win32_1.0.0.202111181127/tools/bin/../lib/gcc/arm-none-eabi/10.3.1/../../../../arm-none-eabi/lib/thumb/v7e-m+fp/hard\libc_nano.a(lib_a-mlock.o)
                0x0000000008002ed0                __malloc_unlock
 .text.__retarget_lock_acquire_recursive
                0x0000000008002edc        0x2 c:/st/stm32cubeide_1.10.1/stm32cubeide/plugins/com.st.stm32cube.ide.mcu.externaltools.gnu-tools-for-stm32.10.3-2021.10.win32_1.0.0.202111181127/tools/bin/../lib/gcc/arm-none-eabi/10.3.1/../../../../arm-none-eabi/lib/thumb/v7e-m+fp/hard\libc_nano.a(lib_a-lock.o)
                0x0000000008002edc                __retarget_lock_acquire_recursive
 .text.__retarget_lock_release_recursive
                0x0000000008002ede        0x2 c:/st/stm32cubeide_1.10.1/stm32cubeide/plugins/com.st.stm32cube.ide.mcu.externaltools.gnu-tools-for-stm32.10.3-2021.10.win32_1.0.0.202111181127/tools/bin/../lib/gcc/arm-none-eabi/10.3.1/../../../../arm-none-eabi/lib/thumb/v7e-m+fp/hard\libc_nano.a(lib_a-lock.o)
                0x0000000008002ede                __retarget_lock_release_recursive
 *(.glue_7)
 .glue_7        0x0000000008002ee0        0x0 linker stubs
 *(.glue_7t)
 .glue_7t       0x0000000008002ee0        0x0 linker stubs
 *(.eh_frame)
 .eh_frame      0x0000000008002ee0        0x0 c:/st/stm32cubeide_1.10.1/stm32cubeide/plugins/com.st.stm32cube.ide.mcu.externaltools.gnu-tools-for-stm32.10.3-2021.10.win32_1.0.0.202111181127/tools/bin/../lib/gcc/arm-none-eabi/10.3.1/thumb/v7e-m+fp/hard/crtbegin.o
 *(.init)
 .init          0x0000000008002ee0        0x4 c:/st/stm32cubeide_1.10.1/stm32cubeide/plugins/com.st.stm32cube.ide.mcu.externaltools.gnu-tools-for-stm32.10.3-2021.10.win32_1.0.0.202111181127/tools/bin/../lib/gcc/arm-none-eabi/10.3.1/thumb/v7e-m+fp/hard/crti.o
                0x0000000008002ee0                _init
 .init          0x0000000008002ee4        0x8 c:/st/stm32cubeide_1.10.1/stm32cubeide/plugins/com.st.stm32cube.ide.mcu.externaltools.gnu-tools-for-stm32.10.3-2021.10.win32_1.0.0.202111181127/tools/bin/../lib/gcc/arm-none-eabi/10.3.1/thumb/v7e-m+fp/hard/crtn.o
 *(.fini)
 .fini          0x0000000008002eec        0x4 c:/st/stm32cubeide_1.10.1/stm32cubeide/plugins/com.st.stm32cube.ide.mcu.externaltools.gnu-tools-for-stm32.10.3-2021.10.win32_1.0.0.202111181127/tools/bin/../lib/gcc/arm-none-eabi/10.3.1/thumb/v7e-m+fp/hard/crti.o
                0x0000000008002eec                _fini
 .fini          0x0000000008002ef0        0x8 c:/st/stm32cubeide_1.10.1/stm32cubeide/plugins/com.st.stm32cube.ide.mcu.externaltools.gnu-tools-for-stm32.10.3-2021.10.win32_1.0.0.202111181127/tools/bin/../lib/gcc/arm-none-eabi/10.3.1/thumb/v7e-m+fp/hard/crtn.o
                0x0000000008002ef8                . = ALIGN (0x4)
                0x0000000008002ef8                _etext = .

.vfp11_veneer   0x0000000008002ef8        0x0
 .vfp11_veneer  0x0000000008002ef8        0x0 linker stubs

.v4_bx          0x0000000008002ef8        0x0
 .v4_bx         0x0000000008002ef8        0x0 linker stubs

.iplt           0x0000000008002ef8        0x0
 .iplt          0x0000000008002ef8        0x0 c:/st/stm32cubeide_1.10.1/stm32cubeide/plugins/com.st.stm32cube.ide.mcu.externaltools.gnu-tools-for-stm32.10.3-2021.10.win32_1.0.0.202111181127/tools/bin/../lib/gcc/arm-none-eabi/10.3.1/thumb/v7e-m+fp/hard/crtbegin.o

.rodata         0x0000000008002ef8       0x4c
                0x0000000008002ef8                . = ALIGN (0x4)
 *(.rodata)
 .rodata        0x0000000008002ef8        0xc ./Core/Src/main.o
 *(.rodata*)
 .rodata.AHBPrescTable
                0x0000000008002f04       0x10 ./Core/Src/system_stm32l4xx.o
                0x0000000008002f04                AHBPrescTable
 .rodata.MSIRangeTable
                0x0000000008002f14       0x30 ./Core/Src/system_stm32l4xx.o
                0x0000000008002f14                MSIRangeTable
                0x0000000008002f44                . = ALIGN (0x4)

.rel.dyn        0x0000000008002f44        0x0
 .rel.iplt      0x0000000008002f44        0x0 c:/st/stm32cubeide_1.10.1/stm32cubeide/plugins/com.st.stm32cube.ide.mcu.externaltools.gnu-tools-for-stm32.10.3-2021.10.win32_1.0.0.202111181127/tools/bin/../lib/gcc/arm-none-eabi/10.3.1/thumb/v7e-m+fp/hard/crtbegin.o

.ARM.extab      0x0000000008002f44        0x0
                0x0000000008002f44                . = ALIGN (0x4)
 *(.ARM.extab* .gnu.linkonce.armextab.*)
                0x0000000008002f44                . = ALIGN (0x4)

.ARM            0x0000000008002f44        0x0
                0x0000000008002f44                . = ALIGN (0x4)
                0x0000000008002f44                __exidx_start = .
 *(.ARM.exidx*)
                0x0000000008002f44                __exidx_end = .
                0x0000000008002f44                . = ALIGN (0x4)

.preinit_array  0x0000000008002f44        0x0
                0x0000000008002f44                . = ALIGN (0x4)
                0x0000000008002f44                PROVIDE (__preinit_array_start = .)
 *(.preinit_array*)
                0x0000000008002f44                PROVIDE (__preinit_array_end = .)
                0x0000000008002f44                . = ALIGN (0x4)

.init_array     0x0000000008002f44        0x4
                0x0000000008002f44                . = ALIGN (0x4)
                0x0000000008002f44                PROVIDE (__init_array_start = .)
 *(SORT_BY_NAME(.init_array.*))
 *(.init_array*)
 .init_array    0x0000000008002f44        0x4 c:/st/stm32cubeide_1.10.1/stm32cubeide/plugins/com.st.stm32cube.ide.mcu.externaltools.gnu-tools-for-stm32.10.3-2021.10.win32_1.0.0.202111181127/tools/bin/../lib/gcc/arm-none-eabi/10.3.1/thumb/v7e-m+fp/hard/crtbegin.o
                0x0000000008002f48                PROVIDE (__init_array_end = .)
                0x0000000008002f48                . = ALIGN (0x4)

.fini_array     0x0000000008002f48        0x4
                0x0000000008002f48                . = ALIGN (0x4)
                [!provide]                        PROVIDE (__fini_array_start = .)
 *(SORT_BY_NAME(.fini_array.*))
 *(.fini_array*)
 .fini_array    0x0000000008002f48        0x4 c:/st/stm32cubeide_1.10.1/stm32cubeide/plugins/com.st.stm32cube.ide.mcu.externaltools.gnu-tools-for-stm32.10.3-2021.10.win32_1.0.0.202111181127/tools/bin/../lib/gcc/arm-none-eabi/10.3.1/thumb/v7e-m+fp/hard/crtbegin.o
                [!provide]                        PROVIDE (__fini_array_end = .)
                0x0000000008002f4c                . = ALIGN (0x4)
                0x0000000008002f4c                _sidata = LOADADDR (.data)

.data           0x0000000020000000       0x90 load address 0x0000000008002f4c
                0x0000000020000000                . = ALIGN (0x4)
                0x0000000020000000                _sdata = .
 *(.data)
 *(.data*)
 .data.SystemCoreClock
                0x0000000020000000        0x4 ./Core/Src/system_stm32l4xx.o
                0x0000000020000000                SystemCoreClock
 .data.uwTickPrio
                0x0000000020000004        0x4 ./Drivers/STM32L4xx_HAL_Driver/Src/stm32l4xx_hal.o
                0x0000000020000004                uwTickPrio
 .data.uwTickFreq
                0x0000000020000008        0x1 ./Drivers/STM32L4xx_HAL_Driver/Src/stm32l4xx_hal.o
                0x0000000020000008                uwTickFreq
 *fill*         0x0000000020000009        0x3 
 .data.pFlash   0x000000002000000c       0x20 ./Drivers/STM32L4xx_HAL_Driver/Src/stm32l4xx_hal_flash.o
                0x000000002000000c                pFlash
 .data._impure_ptr
                0x000000002000002c        0x4 c:/st/stm32cubeide_1.10.1/stm32cubeide/plugins/com.st.stm32cube.ide.mcu.externaltools.gnu-tools-for-stm32.10.3-2021.10.win32_1.0.0.202111181127/tools/bin/../lib/gcc/arm-none-eabi/10.3.1/../../../../arm-none-eabi/lib/thumb/v7e-m+fp/hard\libc_nano.a(lib_a-impure.o)
                0x000000002000002c                _impure_ptr
 .data.impure_data
                0x0000000020000030       0x60 c:/st/stm32cubeide_1.10.1/stm32cubeide/plugins/com.st.stm32cube.ide.mcu.externaltools.gnu-tools-for-stm32.10.3-2021.10.win32_1.0.0.202111181127/tools/bin/../lib/gcc/arm-none-eabi/10.3.1/../../../../arm-none-eabi/lib/thumb/v7e-m+fp/hard\libc_nano.a(lib_a-impure.o)
 *(.RamFunc)
 *(.RamFunc*)
                0x0000000020000090                . = ALIGN (0x4)
                0x0000000020000090                _edata = .

.igot.plt       0x0000000020000090        0x0 load address 0x0000000008002fdc
 .igot.plt      0x0000000020000090        0x0 c:/st/stm32cubeide_1.10.1/stm32cubeide/plugins/com.st.stm32cube.ide.mcu.externaltools.gnu-tools-for-stm32.10.3-2021.10.win32_1.0.0.202111181127/tools/bin/../lib/gcc/arm-none-eabi/10.3.1/thumb/v7e-m+fp/hard/crtbegin.o
                0x0000000020000090                . = ALIGN (0x4)

.bss            0x0000000020000090       0x88 load address 0x0000000008002fdc
                0x0000000020000090                _sbss = .
                0x0000000020000090                __bss_start__ = _sbss
 *(.bss)
 .bss           0x0000000020000090       0x1c c:/st/stm32cubeide_1.10.1/stm32cubeide/plugins/com.st.stm32cube.ide.mcu.externaltools.gnu-tools-for-stm32.10.3-2021.10.win32_1.0.0.202111181127/tools/bin/../lib/gcc/arm-none-eabi/10.3.1/thumb/v7e-m+fp/hard/crtbegin.o
 *(.bss*)
 .bss.hrng      0x00000000200000ac       0x10 ./Core/Src/main.o
                0x00000000200000ac                hrng
 .bss.hrtc      0x00000000200000bc       0x24 ./Core/Src/main.o
                0x00000000200000bc                hrtc
 .bss.Rx_Data   0x00000000200000e0       0x10 ./Core/Src/main.o
                0x00000000200000e0                Rx_Data
 .bss.EraseInitStruct.0
                0x00000000200000f0       0x10 ./Core/Src/main.o
 .bss.__sbrk_heap_end
                0x0000000020000100        0x4 ./Core/Src/sysmem.o
 .bss.uwTick    0x0000000020000104        0x4 ./Drivers/STM32L4xx_HAL_Driver/Src/stm32l4xx_hal.o
                0x0000000020000104                uwTick
 .bss.__malloc_free_list
                0x0000000020000108        0x4 c:/st/stm32cubeide_1.10.1/stm32cubeide/plugins/com.st.stm32cube.ide.mcu.externaltools.gnu-tools-for-stm32.10.3-2021.10.win32_1.0.0.202111181127/tools/bin/../lib/gcc/arm-none-eabi/10.3.1/../../../../arm-none-eabi/lib/thumb/v7e-m+fp/hard\libc_nano.a(lib_a-nano-mallocr.o)
                0x0000000020000108                __malloc_free_list
 .bss.__malloc_sbrk_start
                0x000000002000010c        0x4 c:/st/stm32cubeide_1.10.1/stm32cubeide/plugins/com.st.stm32cube.ide.mcu.externaltools.gnu-tools-for-stm32.10.3-2021.10.win32_1.0.0.202111181127/tools/bin/../lib/gcc/arm-none-eabi/10.3.1/../../../../arm-none-eabi/lib/thumb/v7e-m+fp/hard\libc_nano.a(lib_a-nano-mallocr.o)
                0x000000002000010c                __malloc_sbrk_start
 .bss.errno     0x0000000020000110        0x4 c:/st/stm32cubeide_1.10.1/stm32cubeide/plugins/com.st.stm32cube.ide.mcu.externaltools.gnu-tools-for-stm32.10.3-2021.10.win32_1.0.0.202111181127/tools/bin/../lib/gcc/arm-none-eabi/10.3.1/../../../../arm-none-eabi/lib/thumb/v7e-m+fp/hard\libc_nano.a(lib_a-reent.o)
                0x0000000020000110                errno
 .bss.__lock___malloc_recursive_mutex
                0x0000000020000114        0x1 c:/st/stm32cubeide_1.10.1/stm32cubeide/plugins/com.st.stm32cube.ide.mcu.externaltools.gnu-tools-for-stm32.10.3-2021.10.win32_1.0.0.202111181127/tools/bin/../lib/gcc/arm-none-eabi/10.3.1/../../../../arm-none-eabi/lib/thumb/v7e-m+fp/hard\libc_nano.a(lib_a-lock.o)
                0x0000000020000114                __lock___malloc_recursive_mutex
 *(COMMON)
                0x0000000020000118                . = ALIGN (0x4)
 *fill*         0x0000000020000115        0x3 
                0x0000000020000118                _ebss = .
                0x0000000020000118                __bss_end__ = _ebss

._user_heap_stack
                0x0000000020000118      0x600 load address 0x0000000008002fdc
                0x0000000020000118                . = ALIGN (0x8)
                [!provide]                        PROVIDE (end = .)
                0x0000000020000118                PROVIDE (_end = .)
                0x0000000020000318                . = (. + _Min_Heap_Size)
 *fill*         0x0000000020000118      0x200 
                0x0000000020000718                . = (. + _Min_Stack_Size)
 *fill*         0x0000000020000318      0x400 
                0x0000000020000718                . = ALIGN (0x8)

/DISCARD/
 libc.a(*)
 libm.a(*)
 libgcc.a(*)

.ARM.attributes
                0x0000000000000000       0x30
 *(.ARM.attributes)
 .ARM.attributes
                0x0000000000000000       0x1e c:/st/stm32cubeide_1.10.1/stm32cubeide/plugins/com.st.stm32cube.ide.mcu.externaltools.gnu-tools-for-stm32.10.3-2021.10.win32_1.0.0.202111181127/tools/bin/../lib/gcc/arm-none-eabi/10.3.1/thumb/v7e-m+fp/hard/crti.o
 .ARM.attributes
                0x000000000000001e       0x34 c:/st/stm32cubeide_1.10.1/stm32cubeide/plugins/com.st.stm32cube.ide.mcu.externaltools.gnu-tools-for-stm32.10.3-2021.10.win32_1.0.0.202111181127/tools/bin/../lib/gcc/arm-none-eabi/10.3.1/thumb/v7e-m+fp/hard/crtbegin.o
 .ARM.attributes
                0x0000000000000052       0x34 ./Core/Src/main.o
 .ARM.attributes
                0x0000000000000086       0x34 ./Core/Src/stm32l4xx_hal_msp.o
 .ARM.attributes
                0x00000000000000ba       0x34 ./Core/Src/stm32l4xx_it.o
 .ARM.attributes
                0x00000000000000ee       0x34 ./Core/Src/sysmem.o
 .ARM.attributes
                0x0000000000000122       0x34 ./Core/Src/system_stm32l4xx.o
 .ARM.attributes
                0x0000000000000156       0x21 ./Core/Startup/startup_stm32l432kcux.o
 .ARM.attributes
                0x0000000000000177       0x34 ./Drivers/STM32L4xx_HAL_Driver/Src/stm32l4xx_hal.o
 .ARM.attributes
                0x00000000000001ab       0x34 ./Drivers/STM32L4xx_HAL_Driver/Src/stm32l4xx_hal_cortex.o
 .ARM.attributes
                0x00000000000001df       0x34 ./Drivers/STM32L4xx_HAL_Driver/Src/stm32l4xx_hal_flash.o
 .ARM.attributes
                0x0000000000000213       0x34 ./Drivers/STM32L4xx_HAL_Driver/Src/stm32l4xx_hal_flash_ex.o
 .ARM.attributes
                0x0000000000000247       0x34 ./Drivers/STM32L4xx_HAL_Driver/Src/stm32l4xx_hal_gpio.o
 .ARM.attributes
                0x000000000000027b       0x34 ./Drivers/STM32L4xx_HAL_Driver/Src/stm32l4xx_hal_pwr.o
 .ARM.attributes
                0x00000000000002af       0x34 ./Drivers/STM32L4xx_HAL_Driver/Src/stm32l4xx_hal_pwr_ex.o
 .ARM.attributes
                0x00000000000002e3       0x34 ./Drivers/STM32L4xx_HAL_Driver/Src/stm32l4xx_hal_rcc.o
 .ARM.attributes
                0x0000000000000317       0x34 ./Drivers/STM32L4xx_HAL_Driver/Src/stm32l4xx_hal_rcc_ex.o
 .ARM.attributes
                0x000000000000034b       0x34 ./Drivers/STM32L4xx_HAL_Driver/Src/stm32l4xx_hal_rng.o
 .ARM.attributes
                0x000000000000037f       0x34 ./Drivers/STM32L4xx_HAL_Driver/Src/stm32l4xx_hal_rtc.o
 .ARM.attributes
                0x00000000000003b3       0x34 ./Drivers/STM32L4xx_HAL_Driver/Src/stm32l4xx_hal_rtc_ex.o
 .ARM.attributes
                0x00000000000003e7       0x34 c:/st/stm32cubeide_1.10.1/stm32cubeide/plugins/com.st.stm32cube.ide.mcu.externaltools.gnu-tools-for-stm32.10.3-2021.10.win32_1.0.0.202111181127/tools/bin/../lib/gcc/arm-none-eabi/10.3.1/../../../../arm-none-eabi/lib/thumb/v7e-m+fp/hard\libc_nano.a(lib_a-errno.o)
 .ARM.attributes
                0x000000000000041b       0x34 c:/st/stm32cubeide_1.10.1/stm32cubeide/plugins/com.st.stm32cube.ide.mcu.externaltools.gnu-tools-for-stm32.10.3-2021.10.win32_1.0.0.202111181127/tools/bin/../lib/gcc/arm-none-eabi/10.3.1/../../../../arm-none-eabi/lib/thumb/v7e-m+fp/hard\libc_nano.a(lib_a-impure.o)
 .ARM.attributes
                0x000000000000044f       0x34 c:/st/stm32cubeide_1.10.1/stm32cubeide/plugins/com.st.stm32cube.ide.mcu.externaltools.gnu-tools-for-stm32.10.3-2021.10.win32_1.0.0.202111181127/tools/bin/../lib/gcc/arm-none-eabi/10.3.1/../../../../arm-none-eabi/lib/thumb/v7e-m+fp/hard\libc_nano.a(lib_a-init.o)
 .ARM.attributes
                0x0000000000000483       0x34 c:/st/stm32cubeide_1.10.1/stm32cubeide/plugins/com.st.stm32cube.ide.mcu.externaltools.gnu-tools-for-stm32.10.3-2021.10.win32_1.0.0.202111181127/tools/bin/../lib/gcc/arm-none-eabi/10.3.1/../../../../arm-none-eabi/lib/thumb/v7e-m+fp/hard\libc_nano.a(lib_a-malloc.o)
 .ARM.attributes
                0x00000000000004b7       0x34 c:/st/stm32cubeide_1.10.1/stm32cubeide/plugins/com.st.stm32cube.ide.mcu.externaltools.gnu-tools-for-stm32.10.3-2021.10.win32_1.0.0.202111181127/tools/bin/../lib/gcc/arm-none-eabi/10.3.1/../../../../arm-none-eabi/lib/thumb/v7e-m+fp/hard\libc_nano.a(lib_a-memset.o)
 .ARM.attributes
                0x00000000000004eb       0x34 c:/st/stm32cubeide_1.10.1/stm32cubeide/plugins/com.st.stm32cube.ide.mcu.externaltools.gnu-tools-for-stm32.10.3-2021.10.win32_1.0.0.202111181127/tools/bin/../lib/gcc/arm-none-eabi/10.3.1/../../../../arm-none-eabi/lib/thumb/v7e-m+fp/hard\libc_nano.a(lib_a-nano-mallocr.o)
 .ARM.attributes
                0x000000000000051f       0x34 c:/st/stm32cubeide_1.10.1/stm32cubeide/plugins/com.st.stm32cube.ide.mcu.externaltools.gnu-tools-for-stm32.10.3-2021.10.win32_1.0.0.202111181127/tools/bin/../lib/gcc/arm-none-eabi/10.3.1/../../../../arm-none-eabi/lib/thumb/v7e-m+fp/hard\libc_nano.a(lib_a-sbrkr.o)
 .ARM.attributes
                0x0000000000000553       0x17 c:/st/stm32cubeide_1.10.1/stm32cubeide/plugins/com.st.stm32cube.ide.mcu.externaltools.gnu-tools-for-stm32.10.3-2021.10.win32_1.0.0.202111181127/tools/bin/../lib/gcc/arm-none-eabi/10.3.1/../../../../arm-none-eabi/lib/thumb/v7e-m+fp/hard\libc_nano.a(lib_a-strlen.o)
 .ARM.attributes
                0x000000000000056a       0x34 c:/st/stm32cubeide_1.10.1/stm32cubeide/plugins/com.st.stm32cube.ide.mcu.externaltools.gnu-tools-for-stm32.10.3-2021.10.win32_1.0.0.202111181127/tools/bin/../lib/gcc/arm-none-eabi/10.3.1/../../../../arm-none-eabi/lib/thumb/v7e-m+fp/hard\libc_nano.a(lib_a-mlock.o)
 .ARM.attributes
                0x000000000000059e       0x34 c:/st/stm32cubeide_1.10.1/stm32cubeide/plugins/com.st.stm32cube.ide.mcu.externaltools.gnu-tools-for-stm32.10.3-2021.10.win32_1.0.0.202111181127/tools/bin/../lib/gcc/arm-none-eabi/10.3.1/../../../../arm-none-eabi/lib/thumb/v7e-m+fp/hard\libc_nano.a(lib_a-reent.o)
 .ARM.attributes
                0x00000000000005d2       0x34 c:/st/stm32cubeide_1.10.1/stm32cubeide/plugins/com.st.stm32cube.ide.mcu.externaltools.gnu-tools-for-stm32.10.3-2021.10.win32_1.0.0.202111181127/tools/bin/../lib/gcc/arm-none-eabi/10.3.1/../../../../arm-none-eabi/lib/thumb/v7e-m+fp/hard\libc_nano.a(lib_a-lock.o)
 .ARM.attributes
                0x0000000000000606       0x1e c:/st/stm32cubeide_1.10.1/stm32cubeide/plugins/com.st.stm32cube.ide.mcu.externaltools.gnu-tools-for-stm32.10.3-2021.10.win32_1.0.0.202111181127/tools/bin/../lib/gcc/arm-none-eabi/10.3.1/thumb/v7e-m+fp/hard/crtn.o
OUTPUT(STM32L4xx_Read-Write_Flash.elf elf32-littlearm)
LOAD linker stubs
LOAD c:/st/stm32cubeide_1.10.1/stm32cubeide/plugins/com.st.stm32cube.ide.mcu.externaltools.gnu-tools-for-stm32.10.3-2021.10.win32_1.0.0.202111181127/tools/bin/../lib/gcc/arm-none-eabi/10.3.1/../../../../arm-none-eabi/lib/thumb/v7e-m+fp/hard\libc.a
LOAD c:/st/stm32cubeide_1.10.1/stm32cubeide/plugins/com.st.stm32cube.ide.mcu.externaltools.gnu-tools-for-stm32.10.3-2021.10.win32_1.0.0.202111181127/tools/bin/../lib/gcc/arm-none-eabi/10.3.1/../../../../arm-none-eabi/lib/thumb/v7e-m+fp/hard\libm.a
LOAD c:/st/stm32cubeide_1.10.1/stm32cubeide/plugins/com.st.stm32cube.ide.mcu.externaltools.gnu-tools-for-stm32.10.3-2021.10.win32_1.0.0.202111181127/tools/bin/../lib/gcc/arm-none-eabi/10.3.1/thumb/v7e-m+fp/hard\libgcc.a

.debug_info     0x0000000000000000     0xab93
 .debug_info    0x0000000000000000     0x11af ./Core/Src/main.o
 .debug_info    0x00000000000011af      0xc82 ./Core/Src/stm32l4xx_hal_msp.o
 .debug_info    0x0000000000001e31      0x588 ./Core/Src/stm32l4xx_it.o
 .debug_info    0x00000000000023b9      0x171 ./Core/Src/sysmem.o
 .debug_info    0x000000000000252a      0x5d4 ./Core/Src/system_stm32l4xx.o
 .debug_info    0x0000000000002afe       0x22 ./Core/Startup/startup_stm32l432kcux.o
 .debug_info    0x0000000000002b20      0x9da ./Drivers/STM32L4xx_HAL_Driver/Src/stm32l4xx_hal.o
 .debug_info    0x00000000000034fa      0xda3 ./Drivers/STM32L4xx_HAL_Driver/Src/stm32l4xx_hal_cortex.o
 .debug_info    0x000000000000429d      0x6c4 ./Drivers/STM32L4xx_HAL_Driver/Src/stm32l4xx_hal_flash.o
 .debug_info    0x0000000000004961      0x7c6 ./Drivers/STM32L4xx_HAL_Driver/Src/stm32l4xx_hal_flash_ex.o
 .debug_info    0x0000000000005127      0x821 ./Drivers/STM32L4xx_HAL_Driver/Src/stm32l4xx_hal_gpio.o
 .debug_info    0x0000000000005948      0x95e ./Drivers/STM32L4xx_HAL_Driver/Src/stm32l4xx_hal_pwr.o
 .debug_info    0x00000000000062a6      0x96b ./Drivers/STM32L4xx_HAL_Driver/Src/stm32l4xx_hal_pwr_ex.o
 .debug_info    0x0000000000006c11      0xc97 ./Drivers/STM32L4xx_HAL_Driver/Src/stm32l4xx_hal_rcc.o
 .debug_info    0x00000000000078a8      0xf5b ./Drivers/STM32L4xx_HAL_Driver/Src/stm32l4xx_hal_rcc_ex.o
 .debug_info    0x0000000000008803      0x4c9 ./Drivers/STM32L4xx_HAL_Driver/Src/stm32l4xx_hal_rng.o
 .debug_info    0x0000000000008ccc      0xea7 ./Drivers/STM32L4xx_HAL_Driver/Src/stm32l4xx_hal_rtc.o
 .debug_info    0x0000000000009b73     0x1020 ./Drivers/STM32L4xx_HAL_Driver/Src/stm32l4xx_hal_rtc_ex.o

.debug_abbrev   0x0000000000000000     0x222b
 .debug_abbrev  0x0000000000000000      0x2ad ./Core/Src/main.o
 .debug_abbrev  0x00000000000002ad      0x19f ./Core/Src/stm32l4xx_hal_msp.o
 .debug_abbrev  0x000000000000044c      0x13e ./Core/Src/stm32l4xx_it.o
 .debug_abbrev  0x000000000000058a       0xbb ./Core/Src/sysmem.o
 .debug_abbrev  0x0000000000000645      0x116 ./Core/Src/system_stm32l4xx.o
 .debug_abbrev  0x000000000000075b       0x12 ./Core/Startup/startup_stm32l432kcux.o
 .debug_abbrev  0x000000000000076d      0x21e ./Drivers/STM32L4xx_HAL_Driver/Src/stm32l4xx_hal.o
 .debug_abbrev  0x000000000000098b      0x316 ./Drivers/STM32L4xx_HAL_Driver/Src/stm32l4xx_hal_cortex.o
 .debug_abbrev  0x0000000000000ca1      0x305 ./Drivers/STM32L4xx_HAL_Driver/Src/stm32l4xx_hal_flash.o
 .debug_abbrev  0x0000000000000fa6      0x21f ./Drivers/STM32L4xx_HAL_Driver/Src/stm32l4xx_hal_flash_ex.o
 .debug_abbrev  0x00000000000011c5      0x1bb ./Drivers/STM32L4xx_HAL_Driver/Src/stm32l4xx_hal_gpio.o
 .debug_abbrev  0x0000000000001380      0x1c9 ./Drivers/STM32L4xx_HAL_Driver/Src/stm32l4xx_hal_pwr.o
 .debug_abbrev  0x0000000000001549      0x1f3 ./Drivers/STM32L4xx_HAL_Driver/Src/stm32l4xx_hal_pwr_ex.o
 .debug_abbrev  0x000000000000173c      0x2bd ./Drivers/STM32L4xx_HAL_Driver/Src/stm32l4xx_hal_rcc.o
 .debug_abbrev  0x00000000000019f9      0x299 ./Drivers/STM32L4xx_HAL_Driver/Src/stm32l4xx_hal_rcc_ex.o
 .debug_abbrev  0x0000000000001c92      0x1a9 ./Drivers/STM32L4xx_HAL_Driver/Src/stm32l4xx_hal_rng.o
 .debug_abbrev  0x0000000000001e3b      0x1f2 ./Drivers/STM32L4xx_HAL_Driver/Src/stm32l4xx_hal_rtc.o
 .debug_abbrev  0x000000000000202d      0x1fe ./Drivers/STM32L4xx_HAL_Driver/Src/stm32l4xx_hal_rtc_ex.o

.debug_aranges  0x0000000000000000      0xae0
 .debug_aranges
                0x0000000000000000       0x68 ./Core/Src/main.o
 .debug_aranges
                0x0000000000000068       0x40 ./Core/Src/stm32l4xx_hal_msp.o
 .debug_aranges
                0x00000000000000a8       0x68 ./Core/Src/stm32l4xx_it.o
 .debug_aranges
                0x0000000000000110       0x20 ./Core/Src/sysmem.o
 .debug_aranges
                0x0000000000000130       0x28 ./Core/Src/system_stm32l4xx.o
 .debug_aranges
                0x0000000000000158       0x28 ./Core/Startup/startup_stm32l432kcux.o
 .debug_aranges
                0x0000000000000180      0x108 ./Drivers/STM32L4xx_HAL_Driver/Src/stm32l4xx_hal.o
 .debug_aranges
                0x0000000000000288      0x118 ./Drivers/STM32L4xx_HAL_Driver/Src/stm32l4xx_hal_cortex.o
 .debug_aranges
                0x00000000000003a0       0x88 ./Drivers/STM32L4xx_HAL_Driver/Src/stm32l4xx_hal_flash.o
 .debug_aranges
                0x0000000000000428       0x90 ./Drivers/STM32L4xx_HAL_Driver/Src/stm32l4xx_hal_flash_ex.o
 .debug_aranges
                0x00000000000004b8       0x58 ./Drivers/STM32L4xx_HAL_Driver/Src/stm32l4xx_hal_gpio.o
 .debug_aranges
                0x0000000000000510       0x98 ./Drivers/STM32L4xx_HAL_Driver/Src/stm32l4xx_hal_pwr.o
 .debug_aranges
                0x00000000000005a8      0x128 ./Drivers/STM32L4xx_HAL_Driver/Src/stm32l4xx_hal_pwr_ex.o
 .debug_aranges
                0x00000000000006d0       0x90 ./Drivers/STM32L4xx_HAL_Driver/Src/stm32l4xx_hal_rcc.o
 .debug_aranges
                0x0000000000000760       0xf0 ./Drivers/STM32L4xx_HAL_Driver/Src/stm32l4xx_hal_rcc_ex.o
 .debug_aranges
                0x0000000000000850       0x88 ./Drivers/STM32L4xx_HAL_Driver/Src/stm32l4xx_hal_rng.o
 .debug_aranges
                0x00000000000008d8       0xe8 ./Drivers/STM32L4xx_HAL_Driver/Src/stm32l4xx_hal_rtc.o
 .debug_aranges
                0x00000000000009c0      0x120 ./Drivers/STM32L4xx_HAL_Driver/Src/stm32l4xx_hal_rtc_ex.o

.debug_ranges   0x0000000000000000      0x9c8
 .debug_ranges  0x0000000000000000       0x58 ./Core/Src/main.o
 .debug_ranges  0x0000000000000058       0x30 ./Core/Src/stm32l4xx_hal_msp.o
 .debug_ranges  0x0000000000000088       0x58 ./Core/Src/stm32l4xx_it.o
 .debug_ranges  0x00000000000000e0       0x10 ./Core/Src/sysmem.o
 .debug_ranges  0x00000000000000f0       0x18 ./Core/Src/system_stm32l4xx.o
 .debug_ranges  0x0000000000000108       0x20 ./Core/Startup/startup_stm32l432kcux.o
 .debug_ranges  0x0000000000000128       0xf8 ./Drivers/STM32L4xx_HAL_Driver/Src/stm32l4xx_hal.o
 .debug_ranges  0x0000000000000220      0x108 ./Drivers/STM32L4xx_HAL_Driver/Src/stm32l4xx_hal_cortex.o
 .debug_ranges  0x0000000000000328       0x78 ./Drivers/STM32L4xx_HAL_Driver/Src/stm32l4xx_hal_flash.o
 .debug_ranges  0x00000000000003a0       0x80 ./Drivers/STM32L4xx_HAL_Driver/Src/stm32l4xx_hal_flash_ex.o
 .debug_ranges  0x0000000000000420       0x48 ./Drivers/STM32L4xx_HAL_Driver/Src/stm32l4xx_hal_gpio.o
 .debug_ranges  0x0000000000000468       0x88 ./Drivers/STM32L4xx_HAL_Driver/Src/stm32l4xx_hal_pwr.o
 .debug_ranges  0x00000000000004f0      0x118 ./Drivers/STM32L4xx_HAL_Driver/Src/stm32l4xx_hal_pwr_ex.o
 .debug_ranges  0x0000000000000608       0x80 ./Drivers/STM32L4xx_HAL_Driver/Src/stm32l4xx_hal_rcc.o
 .debug_ranges  0x0000000000000688       0xe0 ./Drivers/STM32L4xx_HAL_Driver/Src/stm32l4xx_hal_rcc_ex.o
 .debug_ranges  0x0000000000000768       0x78 ./Drivers/STM32L4xx_HAL_Driver/Src/stm32l4xx_hal_rng.o
 .debug_ranges  0x00000000000007e0       0xd8 ./Drivers/STM32L4xx_HAL_Driver/Src/stm32l4xx_hal_rtc.o
 .debug_ranges  0x00000000000008b8      0x110 ./Drivers/STM32L4xx_HAL_Driver/Src/stm32l4xx_hal_rtc_ex.o

.debug_macro    0x0000000000000000    0x20898
 .debug_macro   0x0000000000000000      0x2e5 ./Core/Src/main.o
 .debug_macro   0x00000000000002e5      0xa78 ./Core/Src/main.o
 .debug_macro   0x0000000000000d5d      0x1ad ./Core/Src/main.o
 .debug_macro   0x0000000000000f0a       0x2e ./Core/Src/main.o
 .debug_macro   0x0000000000000f38       0x28 ./Core/Src/main.o
 .debug_macro   0x0000000000000f60       0x22 ./Core/Src/main.o
 .debug_macro   0x0000000000000f82       0x8e ./Core/Src/main.o
 .debug_macro   0x0000000000001010       0x51 ./Core/Src/main.o
 .debug_macro   0x0000000000001061      0x103 ./Core/Src/main.o
 .debug_macro   0x0000000000001164       0x6a ./Core/Src/main.o
 .debug_macro   0x00000000000011ce      0x1df ./Core/Src/main.o
 .debug_macro   0x00000000000013ad       0x1c ./Core/Src/main.o
 .debug_macro   0x00000000000013c9       0x22 ./Core/Src/main.o
 .debug_macro   0x00000000000013eb       0xfb ./Core/Src/main.o
 .debug_macro   0x00000000000014e6     0x1011 ./Core/Src/main.o
 .debug_macro   0x00000000000024f7      0x11f ./Core/Src/main.o
 .debug_macro   0x0000000000002616    0x147a6 ./Core/Src/main.o
 .debug_macro   0x0000000000016dbc       0x6d ./Core/Src/main.o
 .debug_macro   0x0000000000016e29     0x38e6 ./Core/Src/main.o
 .debug_macro   0x000000000001a70f      0x174 ./Core/Src/main.o
 .debug_macro   0x000000000001a883       0x5c ./Core/Src/main.o
 .debug_macro   0x000000000001a8df     0x11ca ./Core/Src/main.o
 .debug_macro   0x000000000001baa9      0x53c ./Core/Src/main.o
 .debug_macro   0x000000000001bfe5      0x1b9 ./Core/Src/main.o
 .debug_macro   0x000000000001c19e      0x122 ./Core/Src/main.o
 .debug_macro   0x000000000001c2c0      0x26b ./Core/Src/main.o
 .debug_macro   0x000000000001c52b      0x23d ./Core/Src/main.o
 .debug_macro   0x000000000001c768      0x241 ./Core/Src/main.o
 .debug_macro   0x000000000001c9a9      0x375 ./Core/Src/main.o
 .debug_macro   0x000000000001cd1e       0xd6 ./Core/Src/main.o
 .debug_macro   0x000000000001cdf4      0x22c ./Core/Src/main.o
 .debug_macro   0x000000000001d020       0x61 ./Core/Src/main.o
 .debug_macro   0x000000000001d081       0xa5 ./Core/Src/main.o
 .debug_macro   0x000000000001d126      0x122 ./Core/Src/main.o
 .debug_macro   0x000000000001d248      0x356 ./Core/Src/main.o
 .debug_macro   0x000000000001d59e       0xa4 ./Core/Src/main.o
 .debug_macro   0x000000000001d642      0x31a ./Core/Src/main.o
 .debug_macro   0x000000000001d95c      0x4c3 ./Core/Src/main.o
 .debug_macro   0x000000000001de1f       0xe4 ./Core/Src/main.o
 .debug_macro   0x000000000001df03      0x220 ./Core/Src/main.o
 .debug_macro   0x000000000001e123       0x10 ./Core/Src/main.o
 .debug_macro   0x000000000001e133       0x52 ./Core/Src/main.o
 .debug_macro   0x000000000001e185       0x1e ./Core/Src/main.o
 .debug_macro   0x000000000001e1a3       0x3c ./Core/Src/main.o
 .debug_macro   0x000000000001e1df       0x34 ./Core/Src/main.o
 .debug_macro   0x000000000001e213       0x16 ./Core/Src/main.o
 .debug_macro   0x000000000001e229       0x43 ./Core/Src/main.o
 .debug_macro   0x000000000001e26c       0x34 ./Core/Src/main.o
 .debug_macro   0x000000000001e2a0       0x10 ./Core/Src/main.o
 .debug_macro   0x000000000001e2b0       0x58 ./Core/Src/main.o
 .debug_macro   0x000000000001e308       0x71 ./Core/Src/main.o
 .debug_macro   0x000000000001e379       0x1c ./Core/Src/main.o
 .debug_macro   0x000000000001e395      0x12a ./Core/Src/main.o
 .debug_macro   0x000000000001e4bf      0x341 ./Core/Src/main.o
 .debug_macro   0x000000000001e800       0x10 ./Core/Src/main.o
 .debug_macro   0x000000000001e810       0x35 ./Core/Src/main.o
 .debug_macro   0x000000000001e845       0x20 ./Core/Src/main.o
 .debug_macro   0x000000000001e865       0x16 ./Core/Src/main.o
 .debug_macro   0x000000000001e87b       0x16 ./Core/Src/main.o
 .debug_macro   0x000000000001e891       0x29 ./Core/Src/main.o
 .debug_macro   0x000000000001e8ba      0x1e3 ./Core/Src/stm32l4xx_hal_msp.o
 .debug_macro   0x000000000001ea9d      0x1ed ./Core/Src/stm32l4xx_it.o
 .debug_macro   0x000000000001ec8a       0xff ./Core/Src/sysmem.o
 .debug_macro   0x000000000001ed89      0x23b ./Core/Src/sysmem.o
 .debug_macro   0x000000000001efc4      0x1d4 ./Core/Src/system_stm32l4xx.o
 .debug_macro   0x000000000001f198      0x21c ./Drivers/STM32L4xx_HAL_Driver/Src/stm32l4xx_hal.o
 .debug_macro   0x000000000001f3b4      0x1d4 ./Drivers/STM32L4xx_HAL_Driver/Src/stm32l4xx_hal_cortex.o
 .debug_macro   0x000000000001f588      0x1da ./Drivers/STM32L4xx_HAL_Driver/Src/stm32l4xx_hal_flash.o
 .debug_macro   0x000000000001f762      0x1d4 ./Drivers/STM32L4xx_HAL_Driver/Src/stm32l4xx_hal_flash_ex.o
 .debug_macro   0x000000000001f936      0x1db ./Drivers/STM32L4xx_HAL_Driver/Src/stm32l4xx_hal_gpio.o
 .debug_macro   0x000000000001fb11      0x1ec ./Drivers/STM32L4xx_HAL_Driver/Src/stm32l4xx_hal_pwr.o
 .debug_macro   0x000000000001fcfd      0x1f8 ./Drivers/STM32L4xx_HAL_Driver/Src/stm32l4xx_hal_pwr_ex.o
 .debug_macro   0x000000000001fef5      0x216 ./Drivers/STM32L4xx_HAL_Driver/Src/stm32l4xx_hal_rcc.o
 .debug_macro   0x000000000002010b      0x20a ./Drivers/STM32L4xx_HAL_Driver/Src/stm32l4xx_hal_rcc_ex.o
 .debug_macro   0x0000000000020315      0x1da ./Drivers/STM32L4xx_HAL_Driver/Src/stm32l4xx_hal_rng.o
 .debug_macro   0x00000000000204ef      0x1d5 ./Drivers/STM32L4xx_HAL_Driver/Src/stm32l4xx_hal_rtc.o
 .debug_macro   0x00000000000206c4      0x1d4 ./Drivers/STM32L4xx_HAL_Driver/Src/stm32l4xx_hal_rtc_ex.o

.debug_line     0x0000000000000000     0xc1cc
 .debug_line    0x0000000000000000      0xb55 ./Core/Src/main.o
 .debug_line    0x0000000000000b55      0x779 ./Core/Src/stm32l4xx_hal_msp.o
 .debug_line    0x00000000000012ce      0x7ac ./Core/Src/stm32l4xx_it.o
 .debug_line    0x0000000000001a7a      0x4ea ./Core/Src/sysmem.o
 .debug_line    0x0000000000001f64      0x769 ./Core/Src/system_stm32l4xx.o
 .debug_line    0x00000000000026cd       0x88 ./Core/Startup/startup_stm32l432kcux.o
 .debug_line    0x0000000000002755      0xa2e ./Drivers/STM32L4xx_HAL_Driver/Src/stm32l4xx_hal.o
 .debug_line    0x0000000000003183      0xc68 ./Drivers/STM32L4xx_HAL_Driver/Src/stm32l4xx_hal_cortex.o
 .debug_line    0x0000000000003deb      0xa5c ./Drivers/STM32L4xx_HAL_Driver/Src/stm32l4xx_hal_flash.o
 .debug_line    0x0000000000004847      0xbcd ./Drivers/STM32L4xx_HAL_Driver/Src/stm32l4xx_hal_flash_ex.o
 .debug_line    0x0000000000005414      0xab8 ./Drivers/STM32L4xx_HAL_Driver/Src/stm32l4xx_hal_gpio.o
 .debug_line    0x0000000000005ecc      0x89e ./Drivers/STM32L4xx_HAL_Driver/Src/stm32l4xx_hal_pwr.o
 .debug_line    0x000000000000676a      0xbc0 ./Drivers/STM32L4xx_HAL_Driver/Src/stm32l4xx_hal_pwr_ex.o
 .debug_line    0x000000000000732a      0xf79 ./Drivers/STM32L4xx_HAL_Driver/Src/stm32l4xx_hal_rcc.o
 .debug_line    0x00000000000082a3     0x1293 ./Drivers/STM32L4xx_HAL_Driver/Src/stm32l4xx_hal_rcc_ex.o
 .debug_line    0x0000000000009536      0x979 ./Drivers/STM32L4xx_HAL_Driver/Src/stm32l4xx_hal_rng.o
 .debug_line    0x0000000000009eaf     0x10d5 ./Drivers/STM32L4xx_HAL_Driver/Src/stm32l4xx_hal_rtc.o
 .debug_line    0x000000000000af84     0x1248 ./Drivers/STM32L4xx_HAL_Driver/Src/stm32l4xx_hal_rtc_ex.o

.debug_str      0x0000000000000000    0xc27ab
 .debug_str     0x0000000000000000    0xbf32c ./Core/Src/main.o
                                      0xbf667 (size before relaxing)
 .debug_str     0x00000000000bf32c      0x5ea ./Core/Src/stm32l4xx_hal_msp.o
                                      0xbc877 (size before relaxing)
 .debug_str     0x00000000000bf916       0xfd ./Core/Src/stm32l4xx_it.o
                                      0xbc0e6 (size before relaxing)
 .debug_str     0x00000000000bfa13      0x4da ./Core/Src/sysmem.o
                                       0x5dca (size before relaxing)
 .debug_str     0x00000000000bfeed       0xf2 ./Core/Src/system_stm32l4xx.o
                                      0xbbf98 (size before relaxing)
 .debug_str     0x00000000000bffdf       0x36 ./Core/Startup/startup_stm32l432kcux.o
                                         0x8c (size before relaxing)
 .debug_str     0x00000000000c0015      0x564 ./Drivers/STM32L4xx_HAL_Driver/Src/stm32l4xx_hal.o
                                      0xbc925 (size before relaxing)
 .debug_str     0x00000000000c0579      0x324 ./Drivers/STM32L4xx_HAL_Driver/Src/stm32l4xx_hal_cortex.o
                                      0xbc6c6 (size before relaxing)
 .debug_str     0x00000000000c089d      0x3ab ./Drivers/STM32L4xx_HAL_Driver/Src/stm32l4xx_hal_flash.o
                                      0xbc217 (size before relaxing)
 .debug_str     0x00000000000c0c48      0x226 ./Drivers/STM32L4xx_HAL_Driver/Src/stm32l4xx_hal_flash_ex.o
                                      0xbc237 (size before relaxing)
 .debug_str     0x00000000000c0e6e      0x138 ./Drivers/STM32L4xx_HAL_Driver/Src/stm32l4xx_hal_gpio.o
                                      0xbc10c (size before relaxing)
 .debug_str     0x00000000000c0fa6      0x333 ./Drivers/STM32L4xx_HAL_Driver/Src/stm32l4xx_hal_pwr.o
                                      0xbc2e2 (size before relaxing)
 .debug_str     0x00000000000c12d9      0x369 ./Drivers/STM32L4xx_HAL_Driver/Src/stm32l4xx_hal_pwr_ex.o
                                      0xbc440 (size before relaxing)
 .debug_str     0x00000000000c1642      0x345 ./Drivers/STM32L4xx_HAL_Driver/Src/stm32l4xx_hal_rcc.o
                                      0xbc598 (size before relaxing)
 .debug_str     0x00000000000c1987      0x517 ./Drivers/STM32L4xx_HAL_Driver/Src/stm32l4xx_hal_rcc_ex.o
                                      0xbc7f8 (size before relaxing)
 .debug_str     0x00000000000c1e9e      0x168 ./Drivers/STM32L4xx_HAL_Driver/Src/stm32l4xx_hal_rng.o
                                      0xbc02a (size before relaxing)
 .debug_str     0x00000000000c2006      0x299 ./Drivers/STM32L4xx_HAL_Driver/Src/stm32l4xx_hal_rtc.o
                                      0xbc420 (size before relaxing)
 .debug_str     0x00000000000c229f      0x50c ./Drivers/STM32L4xx_HAL_Driver/Src/stm32l4xx_hal_rtc_ex.o
                                      0xbc6c1 (size before relaxing)

.comment        0x0000000000000000       0x50
 .comment       0x0000000000000000       0x50 ./Core/Src/main.o
                                         0x51 (size before relaxing)
 .comment       0x0000000000000050       0x51 ./Core/Src/stm32l4xx_hal_msp.o
 .comment       0x0000000000000050       0x51 ./Core/Src/stm32l4xx_it.o
 .comment       0x0000000000000050       0x51 ./Core/Src/sysmem.o
 .comment       0x0000000000000050       0x51 ./Core/Src/system_stm32l4xx.o
 .comment       0x0000000000000050       0x51 ./Drivers/STM32L4xx_HAL_Driver/Src/stm32l4xx_hal.o
 .comment       0x0000000000000050       0x51 ./Drivers/STM32L4xx_HAL_Driver/Src/stm32l4xx_hal_cortex.o
 .comment       0x0000000000000050       0x51 ./Drivers/STM32L4xx_HAL_Driver/Src/stm32l4xx_hal_flash.o
 .comment       0x0000000000000050       0x51 ./Drivers/STM32L4xx_HAL_Driver/Src/stm32l4xx_hal_flash_ex.o
 .comment       0x0000000000000050       0x51 ./Drivers/STM32L4xx_HAL_Driver/Src/stm32l4xx_hal_gpio.o
 .comment       0x0000000000000050       0x51 ./Drivers/STM32L4xx_HAL_Driver/Src/stm32l4xx_hal_pwr.o
 .comment       0x0000000000000050       0x51 ./Drivers/STM32L4xx_HAL_Driver/Src/stm32l4xx_hal_pwr_ex.o
 .comment       0x0000000000000050       0x51 ./Drivers/STM32L4xx_HAL_Driver/Src/stm32l4xx_hal_rcc.o
 .comment       0x0000000000000050       0x51 ./Drivers/STM32L4xx_HAL_Driver/Src/stm32l4xx_hal_rcc_ex.o
 .comment       0x0000000000000050       0x51 ./Drivers/STM32L4xx_HAL_Driver/Src/stm32l4xx_hal_rng.o
 .comment       0x0000000000000050       0x51 ./Drivers/STM32L4xx_HAL_Driver/Src/stm32l4xx_hal_rtc.o
 .comment       0x0000000000000050       0x51 ./Drivers/STM32L4xx_HAL_Driver/Src/stm32l4xx_hal_rtc_ex.o

.debug_frame    0x0000000000000000     0x2c30
 .debug_frame   0x0000000000000000      0x17c ./Core/Src/main.o
 .debug_frame   0x000000000000017c       0xcc ./Core/Src/stm32l4xx_hal_msp.o
 .debug_frame   0x0000000000000248      0x120 ./Core/Src/stm32l4xx_it.o
 .debug_frame   0x0000000000000368       0x34 ./Core/Src/sysmem.o
 .debug_frame   0x000000000000039c       0x58 ./Core/Src/system_stm32l4xx.o
 .debug_frame   0x00000000000003f4      0x3dc ./Drivers/STM32L4xx_HAL_Driver/Src/stm32l4xx_hal.o
 .debug_frame   0x00000000000007d0      0x498 ./Drivers/STM32L4xx_HAL_Driver/Src/stm32l4xx_hal_cortex.o
 .debug_frame   0x0000000000000c68      0x204 ./Drivers/STM32L4xx_HAL_Driver/Src/stm32l4xx_hal_flash.o
 .debug_frame   0x0000000000000e6c      0x248 ./Drivers/STM32L4xx_HAL_Driver/Src/stm32l4xx_hal_flash_ex.o
 .debug_frame   0x00000000000010b4      0x14c ./Drivers/STM32L4xx_HAL_Driver/Src/stm32l4xx_hal_gpio.o
 .debug_frame   0x0000000000001200      0x230 ./Drivers/STM32L4xx_HAL_Driver/Src/stm32l4xx_hal_pwr.o
 .debug_frame   0x0000000000001430      0x4a4 ./Drivers/STM32L4xx_HAL_Driver/Src/stm32l4xx_hal_pwr_ex.o
 .debug_frame   0x00000000000018d4      0x21c ./Drivers/STM32L4xx_HAL_Driver/Src/stm32l4xx_hal_rcc.o
 .debug_frame   0x0000000000001af0      0x3d0 ./Drivers/STM32L4xx_HAL_Driver/Src/stm32l4xx_hal_rcc_ex.o
 .debug_frame   0x0000000000001ec0      0x22c ./Drivers/STM32L4xx_HAL_Driver/Src/stm32l4xx_hal_rng.o
 .debug_frame   0x00000000000020ec      0x3f4 ./Drivers/STM32L4xx_HAL_Driver/Src/stm32l4xx_hal_rtc.o
 .debug_frame   0x00000000000024e0      0x500 ./Drivers/STM32L4xx_HAL_Driver/Src/stm32l4xx_hal_rtc_ex.o
 .debug_frame   0x00000000000029e0       0x20 c:/st/stm32cubeide_1.10.1/stm32cubeide/plugins/com.st.stm32cube.ide.mcu.externaltools.gnu-tools-for-stm32.10.3-2021.10.win32_1.0.0.202111181127/tools/bin/../lib/gcc/arm-none-eabi/10.3.1/../../../../arm-none-eabi/lib/thumb/v7e-m+fp/hard\libc_nano.a(lib_a-errno.o)
 .debug_frame   0x0000000000002a00       0x2c c:/st/stm32cubeide_1.10.1/stm32cubeide/plugins/com.st.stm32cube.ide.mcu.externaltools.gnu-tools-for-stm32.10.3-2021.10.win32_1.0.0.202111181127/tools/bin/../lib/gcc/arm-none-eabi/10.3.1/../../../../arm-none-eabi/lib/thumb/v7e-m+fp/hard\libc_nano.a(lib_a-init.o)
 .debug_frame   0x0000000000002a2c       0x30 c:/st/stm32cubeide_1.10.1/stm32cubeide/plugins/com.st.stm32cube.ide.mcu.externaltools.gnu-tools-for-stm32.10.3-2021.10.win32_1.0.0.202111181127/tools/bin/../lib/gcc/arm-none-eabi/10.3.1/../../../../arm-none-eabi/lib/thumb/v7e-m+fp/hard\libc_nano.a(lib_a-malloc.o)
 .debug_frame   0x0000000000002a5c       0x20 c:/st/stm32cubeide_1.10.1/stm32cubeide/plugins/com.st.stm32cube.ide.mcu.externaltools.gnu-tools-for-stm32.10.3-2021.10.win32_1.0.0.202111181127/tools/bin/../lib/gcc/arm-none-eabi/10.3.1/../../../../arm-none-eabi/lib/thumb/v7e-m+fp/hard\libc_nano.a(lib_a-memset.o)
 .debug_frame   0x0000000000002a7c       0x4c c:/st/stm32cubeide_1.10.1/stm32cubeide/plugins/com.st.stm32cube.ide.mcu.externaltools.gnu-tools-for-stm32.10.3-2021.10.win32_1.0.0.202111181127/tools/bin/../lib/gcc/arm-none-eabi/10.3.1/../../../../arm-none-eabi/lib/thumb/v7e-m+fp/hard\libc_nano.a(lib_a-nano-mallocr.o)
 .debug_frame   0x0000000000002ac8       0x2c c:/st/stm32cubeide_1.10.1/stm32cubeide/plugins/com.st.stm32cube.ide.mcu.externaltools.gnu-tools-for-stm32.10.3-2021.10.win32_1.0.0.202111181127/tools/bin/../lib/gcc/arm-none-eabi/10.3.1/../../../../arm-none-eabi/lib/thumb/v7e-m+fp/hard\libc_nano.a(lib_a-sbrkr.o)
 .debug_frame   0x0000000000002af4       0x30 c:/st/stm32cubeide_1.10.1/stm32cubeide/plugins/com.st.stm32cube.ide.mcu.externaltools.gnu-tools-for-stm32.10.3-2021.10.win32_1.0.0.202111181127/tools/bin/../lib/gcc/arm-none-eabi/10.3.1/../../../../arm-none-eabi/lib/thumb/v7e-m+fp/hard\libc_nano.a(lib_a-mlock.o)
 .debug_frame   0x0000000000002b24       0x5c c:/st/stm32cubeide_1.10.1/stm32cubeide/plugins/com.st.stm32cube.ide.mcu.externaltools.gnu-tools-for-stm32.10.3-2021.10.win32_1.0.0.202111181127/tools/bin/../lib/gcc/arm-none-eabi/10.3.1/../../../../arm-none-eabi/lib/thumb/v7e-m+fp/hard\libc_nano.a(lib_a-reent.o)
 .debug_frame   0x0000000000002b80       0xb0 c:/st/stm32cubeide_1.10.1/stm32cubeide/plugins/com.st.stm32cube.ide.mcu.externaltools.gnu-tools-for-stm32.10.3-2021.10.win32_1.0.0.202111181127/tools/bin/../lib/gcc/arm-none-eabi/10.3.1/../../../../arm-none-eabi/lib/thumb/v7e-m+fp/hard\libc_nano.a(lib_a-lock.o)
